12345
123456
qwerty
123123
111111
abc123
1234567
password
12345678
123456789
